// Jest Snapshot v1, https://goo.gl/fbAQLP

exports[`messages component renders correctly 1`] = `
<RCTScrollView
  data={
    Array [
      Object {
        "id": "b03569ae-ccbf-4975-8040-4daba638b405",
        "message": "message 1",
        "userid": "1",
      },
      Object {
        "id": "b03569ae-ccbf-4975-8040-4daba638b407",
        "message": "message 1",
        "userId": "2",
      },
    ]
  }
  disableVirtualization={false}
  extraData={
    Array [
      Object {
        "1": Object {
          "avatar": "",
          "email": "test@test.com",
          "userId": "1",
        },
      },
      Object {
        "2": Object {
          "avatar": "",
          "email": "test@test.com",
          "userId": "2",
        },
      },
    ]
  }
  getItem={[Function]}
  getItemCount={[Function]}
  horizontal={false}
  initialNumToRender={10}
  keyExtractor={[Function]}
  maxToRenderPerBatch={10}
  numColumns={1}
  onContentSizeChange={[Function]}
  onEndReachedThreshold={2}
  onLayout={[Function]}
  onMomentumScrollEnd={[Function]}
  onScroll={[Function]}
  onScrollBeginDrag={[Function]}
  onScrollEndDrag={[Function]}
  renderItem={[Function]}
  scrollEventThrottle={50}
  stickyHeaderIndices={Array []}
  updateCellsBatchingPeriod={50}
  viewabilityConfigCallbackPairs={Array []}
  windowSize={21}
>
  <View>
    <View
      onLayout={[Function]}
      style={null}
    >
      <View
        style={
          Object {
            "backgroundColor": "#F5FCFF",
            "flex": 1,
            "flexDirection": "row",
            "marginBottom": 15,
          }
        }
      >
        <View
          style={
            Object {
              "height": 100,
              "width": 100,
            }
          }
        />
        <View
          style={
            Object {
              "flex": 1,
            }
          }
        >
          <View
            style={
              Object {
                "flex": 1,
                "justifyContent": "center",
                "marginLeft": 10,
              }
            }
          >
            <View
              accessible={true}
              onResponderGrant={[Function]}
              onResponderMove={[Function]}
              onResponderRelease={[Function]}
              onResponderTerminate={[Function]}
              onResponderTerminationRequest={[Function]}
              onStartShouldSetResponder={[Function]}
              testID="showEmail"
            >
              <Text
                accessible={true}
                allowFontScaling={true}
                ellipsizeMode="tail"
                style={
                  Object {
                    "flex": 1,
                    "justifyContent": "center",
                    "marginLeft": 10,
                  }
                }
                testID="messageText"
              >
                message 1
              </Text>
            </View>
          </View>
          <View
            style={
              Object {
                "alignItems": "flex-end",
                "flex": 1,
                "justifyContent": "flex-end",
              }
            }
          >
            <Text
              accessible={true}
              allowFontScaling={true}
              ellipsizeMode="tail"
            >
              1970-1-1 at 12:00AM
            </Text>
          </View>
        </View>
      </View>
    </View>
    <View
      onLayout={[Function]}
      style={null}
    >
      <View
        style={
          Object {
            "backgroundColor": "#F5FCFF",
            "flex": 1,
            "flexDirection": "row",
            "marginBottom": 15,
          }
        }
      >
        <View
          style={
            Object {
              "height": 100,
              "width": 100,
            }
          }
        />
        <View
          style={
            Object {
              "flex": 1,
            }
          }
        >
          <View
            style={
              Object {
                "flex": 1,
                "justifyContent": "center",
                "marginLeft": 10,
              }
            }
          >
            <View
              accessible={true}
              onResponderGrant={[Function]}
              onResponderMove={[Function]}
              onResponderRelease={[Function]}
              onResponderTerminate={[Function]}
              onResponderTerminationRequest={[Function]}
              onStartShouldSetResponder={[Function]}
              testID="showEmail"
            >
              <Text
                accessible={true}
                allowFontScaling={true}
                ellipsizeMode="tail"
                style={
                  Object {
                    "flex": 1,
                    "justifyContent": "center",
                    "marginLeft": 10,
                  }
                }
                testID="messageText"
              >
                message 1
              </Text>
            </View>
          </View>
          <View
            style={
              Object {
                "alignItems": "flex-end",
                "flex": 1,
                "justifyContent": "flex-end",
              }
            }
          >
            <Text
              accessible={true}
              allowFontScaling={true}
              ellipsizeMode="tail"
            >
              1970-1-1 at 12:00AM
            </Text>
          </View>
        </View>
      </View>
    </View>
  </View>
</RCTScrollView>
`;
